// Jest Snapshot v1, https://goo.gl/fbAQLP

exports[`AboutPage test should render and match snapshot 1`] = `
<div>
  <h1>
    About Us
  </h1>
  <hr />
  <pre>
    {
   "id": 123,
   "name": "abizmo",
   "email": "abizmo@abizmo.dev"
}
  </pre>
  <button
    className="btn btn-danger"
    disabled={false}
    onClick={[Function]}
  >
    Logout
  </button>
</div>
`;
