// Jest Snapshot v1, https://goo.gl/fbAQLP

exports[`HomePage tests should render and match snapshot 1`] = `
<div>
  <h1>
    Home
  </h1>
  <hr />
  <pre>
    {
   "name": "Fernando",
   "email": "email@test.com"
}
  </pre>
</div>
`;
