// Jest Snapshot v1, https://goo.gl/fbAQLP

exports[`LoginPage tests should render and match snapshot 1`] = `
<div>
  <h1>
    Login
  </h1>
  <hr />
  <button
    className="btn btn-primary"
    disabled={false}
    onClick={[Function]}
  >
    Login
  </button>
</div>
`;
