// Jest Snapshot v1, https://goo.gl/fbAQLP

exports[`MultiplesHooks test should render and match snapshot 1`] = `
<div
  className="div hooks-container"
>
  <h1>
    Breaking Bad Quotes
  </h1>
  <hr />
  <div
    className="alert alert-info text-center"
  >
    Loading...
  </div>
  <button
    className="btn btn-primary"
    onClick={[Function]}
  >
    Next
  </button>
</div>
`;
