// Jest Snapshot v1, https://goo.gl/fbAQLP

exports[`TodoApp tests should render and match snapshot 1`] = `
<div
  className="container pt-3"
>
  <h3>
    TodoApp (
    0
    )
  </h3>
  <hr />
  <TodoAddForm
    onAddTodo={[Function]}
  />
  <TodoList
    onDeleteTodo={[Function]}
    onToggleTodo={[Function]}
    todos={Array []}
  />
</div>
`;
